CTS+894093@LTIN280843 MINGW64 /c/gitHandsons (master)
$ git init
Initialized empty Git repository in C:/gitHandsons/.git/

CTS+894093@LTIN280843 MINGW64 /c/gitHandsons (master)
$ git branch GitWork
fatal: Not a valid object name: 'master'.

CTS+894093@LTIN280843 MINGW64 /c/gitHandsons (master)
$ git branch

CTS+894093@LTIN280843 MINGW64 /c/gitHandsons (master)
$ vi file1.txt

CTS+894093@LTIN280843 MINGW64 /c/gitHandsons (master)
$ git add .
warning: LF will be replaced by CRLF in file1.txt.
The file will have its original line endings in your working directory

CTS+894093@LTIN280843 MINGW64 /c/gitHandsons (master)
$ git commit -m "added ffile1.txt"
[master (root-commit) 04a687b] added ffile1.txt
 1 file changed, 1 insertion(+)
 create mode 100644 file1.txt

CTS+894093@LTIN280843 MINGW64 /c/gitHandsons (master)
$ git status
On branch master
nothing to commit, working tree clean

CTS+894093@LTIN280843 MINGW64 /c/gitHandsons (master)
$ git branch
* master

CTS+894093@LTIN280843 MINGW64 /c/gitHandsons (master)
$ git branch GitWork

CTS+894093@LTIN280843 MINGW64 /c/gitHandsons (master)
$ git branch
  GitWork
* master

CTS+894093@LTIN280843 MINGW64 /c/gitHandsons (master)
$ git checkout GitWork
Switched to branch 'GitWork'

CTS+894093@LTIN280843 MINGW64 /c/gitHandsons (GitWork)
$ vi hello.xml

CTS+894093@LTIN280843 MINGW64 /c/gitHandsons (GitWork)
$ cat hello.xml
Data is inserted from GitWork branch

CTS+894093@LTIN280843 MINGW64 /c/gitHandsons (GitWork)
$ git add .
warning: LF will be replaced by CRLF in hello.xml.
The file will have its original line endings in your working directory

CTS+894093@LTIN280843 MINGW64 /c/gitHandsons (GitWork)
$ git commit -m "hello.xml added from GitWork branch"
[GitWork 8073e19] hello.xml added from GitWork branch
 1 file changed, 1 insertion(+)
 create mode 100644 hello.xml

CTS+894093@LTIN280843 MINGW64 /c/gitHandsons (GitWork)
$ git checkout master
Switched to branch 'master'

CTS+894093@LTIN280843 MINGW64 /c/gitHandsons (master)
$ vi hello.xml

CTS+894093@LTIN280843 MINGW64 /c/gitHandsons (master)
$ cat hello.xml
Data inserted from master branch

CTS+894093@LTIN280843 MINGW64 /c/gitHandsons (master)
$ git add .
warning: LF will be replaced by CRLF in hello.xml.
The file will have its original line endings in your working directory

CTS+894093@LTIN280843 MINGW64 /c/gitHandsons (master)
$ git commit -m "hello.xml added from master branch"
[master c4af5a3] hello.xml added from master branch
 1 file changed, 1 insertion(+)
 create mode 100644 hello.xml

CTS+894093@LTIN280843 MINGW64 /c/gitHandsons (master)
$ git log --graph --oneline --decorate --all
* c4af5a3 (HEAD -> master) hello.xml added from master branch
| * 8073e19 (GitWork) hello.xml added from GitWork branch
|/
* 04a687b added ffile1.txt

CTS+894093@LTIN280843 MINGW64 /c/gitHandsons (master)
$ git diff master GitWork
diff --git a/hello.xml b/hello.xml
index 0472329..c88a8b8 100644
--- a/hello.xml
+++ b/hello.xml
@@ -1 +1 @@
-Data inserted from master branch
+Data is inserted from GitWork branch

CTS+894093@LTIN280843 MINGW64 /c/gitHandsons (master)
$ git merge GitWork
CONFLICT (add/add): Merge conflict in hello.xml
Auto-merging hello.xml
Automatic merge failed; fix conflicts and then commit the result.

CTS+894221@LTIN280843 MINGW64 /c/gitHandsons (master|MERGING)
$ git config merge.tool vimdiff

CTS+894093@LTIN280843 MINGW64 /c/gitHandsons (master|MERGING)
$ git mergetool
Merging:
hello.xml

Normal merge conflict for 'hello.xml':
  {local}: created file
  {remote}: created file
3 files to edit

CTS+894093@LTIN280843 MINGW64 /c/gitHandsons (master|MERGING)
$ git log --graph --oneline --decorate --all
* c4af5a3 (HEAD -> master) hello.xml added from master branch
| * 8073e19 (GitWork) hello.xml added from GitWork branch
|/
* 04a687b added ffile1.txt

CTS+894093@LTIN280843 MINGW64 /c/gitHandsons (master|MERGING)
$ git add .

CTS+894093@LTIN280843 MINGW64 /c/gitHandsons (master|MERGING)
$ git commit -m "hello.xml merged"
[master 9d87afa] hello.xml merged

CTS+894093@LTIN280843 MINGW64 /c/gitHandsons (master)
$ git status
On branch master
nothing to commit, working tree clean

CTS+894093@LTIN280843 MINGW64 /c/gitHandsons (master)
$ cat hello.xml
<<<<<<< HEAD
Data inserted from master branch
=======
Data is inserted from GitWork branch
>>>>>>> GitWork

CTS+894093@LTIN280843 MINGW64 /c/gitHandsons (master)
$ git branch
  GitWork
* master

CTS+894093@LTIN280843 MINGW64 /c/gitHandsons (master)
$ git branch -d GitWork
Deleted branch GitWork (was 8073e19).

CTS+894093@LTIN280843 MINGW64 /c/gitHandsons (master)
$ git branch
* master

CTS+894093@LTIN280843 MINGW64 /c/gitHandsons (master)
$ git log --graph --oneline --decorate
*   9d87afa (HEAD -> master) hello.xml merged
|\
| * 8073e19 hello.xml added from GitWork branch
* | c4af5a3 hello.xml added from master branch
|/
* 04a687b added ffile1.txt